// Jest Snapshot v1, https://goo.gl/fbAQLP

exports[`Footer Footer component should match the snapshot 1`] = `undefined`;
