// Jest Snapshot v1, https://goo.gl/fbAQLP

exports[`Home Home component should match the snapshot 1`] = `
<section
  className="home-container"
>
  <h2
    className="home-title"
  >
     
  </h2>
  <CardContainer
    topMovies={
      Array [
        Object {
          "backdrop_path": "/nl79FQ8xWZkhL3rDr1v2RFFR6J0.jpg",
          "favorited": false,
          "id": 19404,
          "overview": "Raj is a rich, carefree, happy-go-lucky second generation NRI. Simran is the daughter of Chaudhary Baldev Singh, who in spite of being an NRI is very strict about adherence to Indian values. Simran has left for India to be married to her childhood fiancÃ©. Raj leaves for India with a mission at his hands, to claim his lady love under the noses of her whole family. Thus begins a saga.",
          "poster_path": "/uC6TTUhPpQCmgldGyYveKRAu8JN.jpg",
          "release_date": "1995-10-20",
          "title": "Dilwale Dulhania Le Jayenge",
          "vote_average": 9,
        },
        Object {
          "backdrop_path": "/j9XKiZrVeViAixVRzCta7h1VU9W.jpg",
          "favorited": false,
          "id": 278,
          "overview": "Framed in the 1940s for the double murder of his wife and her lover, upstanding banker Andy Dufresne begins a new life at the Shawshank prison, where he puts his accounting skills to work for an amoral warden. During his long stretch in prison, Dufresne comes to be admired by the other inmates -- including an older prisoner named Red -- for his integrity and unquenchable sense of hope.",
          "poster_path": "/9O7gLzmreU0nGkIB6K3BsJbzvNv.jpg",
          "release_date": "1994-09-23",
          "title": "The Shawshank Redemption",
          "vote_average": 8.7,
        },
      ]
    }
    user={
      Object {
        "email": "weOn@gmail",
        "favorites": Object {
          "state": Object {
            "movie": Object {
              "backdrop_path": "/5BkSkNtfrnT",
              "favorited": false,
              "id": 2341,
              "overview": "walk on earth",
              "poster_path": "/bk8LyaMqUtaQ9hUShuvFznQYQKR.jpg",
              "release_date": "2019-04-12",
              "title": "HellBoy",
            },
          },
        },
        "id": 3,
        "name": "Will",
        "password": "nimawesome",
      }
    }
  />
</section>
`;
