// Jest Snapshot v1, https://goo.gl/fbAQLP

exports[`Home Home component should match the snapshot 1`] = `ShallowWrapper {}`;
