// Jest Snapshot v1, https://goo.gl/fbAQLP

exports[`App App component should match the snapshot 1`] = `undefined`;
