// Jest Snapshot v1, https://goo.gl/fbAQLP

exports[`SearchResults SearchResults component should match the snapshot 1`] = `ShallowWrapper {}`;
