// Jest Snapshot v1, https://goo.gl/fbAQLP

exports[`Movie movie component should match the snapshot 1`] = `undefined`;
