// Jest Snapshot v1, https://goo.gl/fbAQLP

exports[`NewUser NewUser component should match the snapshot 1`] = `undefined`;

exports[`UserSignIn UserSignIn component should match the snapshot 1`] = `undefined`;

exports[`UserSignin UserSignIn component should match the snapshot 1`] = `
<SignInUser
  email=""
  handleChange={[Function]}
  handleLogin={[Function]}
  handleToggleForm={[Function]}
  name=""
  newUserBool={false}
  password=""
  status=""
  user={
    Object {
      "favorites": Array [],
    }
  }
/>
`;

exports[`UserSignin UserSignin component should match the snapshot 1`] = `
<ContextProvider
  value={
    Object {
      "store": Object {
        "clearActions": [Function],
        "dispatch": [Function],
        "getActions": [Function],
        "getState": [Function],
        "replaceReducer": [Function],
        "subscribe": [Function],
      },
      "subscription": Subscription {
        "handleChangeWrapper": [Function],
        "listeners": Object {
          "clear": [Function],
          "get": [Function],
          "notify": [Function],
          "subscribe": [Function],
        },
        "onStateChange": [Function],
        "parentSub": undefined,
        "store": Object {
          "clearActions": [Function],
          "dispatch": [Function],
          "getActions": [Function],
          "getState": [Function],
          "replaceReducer": [Function],
          "subscribe": [Function],
        },
        "unsubscribe": [Function],
      },
    }
  }
>
  <ConnectFunction />
</ContextProvider>
`;
