// Jest Snapshot v1, https://goo.gl/fbAQLP

exports[`CardContainer CardContainer component should match the snapshot 1`] = `ShallowWrapper {}`;
