// Jest Snapshot v1, https://goo.gl/fbAQLP

exports[`Main Main component should match the snapshot 1`] = `
<main>
  <ConnectFunction />
</main>
`;
