// Jest Snapshot v1, https://goo.gl/fbAQLP

exports[`Genre Genre component should match the snapshot 1`] = `ShallowWrapper {}`;
